service_name: "test_service"
allocate_operation {
  operation_id: "operation_id"
  method_name: "operation_name"
  consumer_id: "api_key:api_key_x"
  labels {
    key: "servicecontrol.googleapis.com/caller_ip"
    value: "1.2.3.4"
  }
  labels {
    key: "servicecontrol.googleapis.com/referer"
    value: "referer"
  }
  labels {
    key: "servicecontrol.googleapis.com/service_agent"
    value: "ESP/{{service_agent_version}}"
  }
  labels {
    key: "servicecontrol.googleapis.com/user_agent"
    value: "ESP"
  }
  quota_mode: NORMAL
}
service_config_id: "2016-09-19r0"
